eeschema (2013-07-07 BZR 4022)-stable  >> Creation date: 11/09/2013 02:02:10
#Cmp ( order = Reference )
| D1         DIODE       
| D2         DIODE       
| D3         DIODE       
| D4         DIODE       
| D5         DIODE       
| D6         DIODE       
| D7         DIODE       
| D8         DIODE       
| D9         DIODE       
| D10        DIODE       
| D11        DIODE       
| D12        DIODE       
| D13        DIODE       
| D14        DIODE       
| D15        DIODE       
| D16        DIODE       
| D17        DIODE       
| D18        DIODE       
| D19        DIODE       
| D20        DIODE       
| D21        DIODE       
| D22        DIODE       
| D23        DIODE       
| D24        DIODE       
| D25        LED         
| D26        LED         
| D27        DIODE       
| D28        DIODE       
| D29        DIODE       
| D30        DIODE       
| D31        DIODE       
| D32        DIODE       
| K1         MAIN_RIGHT_TO_VOWELS_RIGHT
| K2         MAIN_LEFT_TO_VOWELS_LEFT
| K3         VOWELS_RIGHT_IN
| K4         VOWELS_LEFT_IN
| P1         MAIN_RIGHT_IN
| P2         MAIN_RIGHT_TO_MAIN_LEFT
| P3         MAIN_LEFT_IN
| R1         R           
| R2         R           
| SW1        SPST        
| SW2        SPST        
| SW3        SPST        
| SW4        SPST        
| SW5        SPST        
| SW6        SPST        
| SW7        SPST        
| SW8        SPST        
| SW9        SPST        
| SW10       SPST        
| SW11       SPST        
| SW12       SPST        
| SW13       SPST        
| SW14       SPST        
| SW15       SPST        
| SW16       SPST        
| SW17       SPST        
| SW18       SPST        
| SW19       SPST        
| SW20       SPST        
| SW21       SPST        
| SW22       SPST        
| SW23       SPST        
| SW24       SPST        
| SW25       SPST        
| SW26       SPST        
| SW27       SPST        
| SW28       SPST        
| SW29       SPST        
| SW30       SPST        
#End Cmp

#Cmp ( order = Value )
| DIODE        D1        
| DIODE        D2        
| DIODE        D3        
| DIODE        D4        
| DIODE        D5        
| DIODE        D6        
| DIODE        D7        
| DIODE        D8        
| DIODE        D9        
| DIODE        D10       
| DIODE        D11       
| DIODE        D12       
| DIODE        D13       
| DIODE        D14       
| DIODE        D15       
| DIODE        D16       
| DIODE        D17       
| DIODE        D18       
| DIODE        D19       
| DIODE        D20       
| DIODE        D21       
| DIODE        D22       
| DIODE        D23       
| DIODE        D24       
| LED          D25       
| LED          D26       
| DIODE        D27       
| DIODE        D28       
| DIODE        D29       
| DIODE        D30       
| DIODE        D31       
| DIODE        D32       
| MAIN_RIGHT_TO_VOWELS_RIGHT K1        
| MAIN_LEFT_TO_VOWELS_LEFT K2        
| VOWELS_RIGHT_IN K3        
| VOWELS_LEFT_IN K4        
| MAIN_RIGHT_IN P1        
| MAIN_RIGHT_TO_MAIN_LEFT P2        
| MAIN_LEFT_IN P3        
| R            R1        
| R            R2        
| SPST         SW1       
| SPST         SW2       
| SPST         SW3       
| SPST         SW4       
| SPST         SW5       
| SPST         SW6       
| SPST         SW7       
| SPST         SW8       
| SPST         SW9       
| SPST         SW10      
| SPST         SW11      
| SPST         SW12      
| SPST         SW13      
| SPST         SW14      
| SPST         SW15      
| SPST         SW16      
| SPST         SW17      
| SPST         SW18      
| SPST         SW19      
| SPST         SW20      
| SPST         SW21      
| SPST         SW22      
| SPST         SW23      
| SPST         SW24      
| SPST         SW25      
| SPST         SW26      
| SPST         SW27      
| SPST         SW28      
| SPST         SW29      
| SPST         SW30      
#End Cmp

#End List
